<?php return array (
  0 => 'Symfony\\Bundle\\FrameworkBundle\\Controller\\AbstractController',
  1 => 'App\\Controller\\BatimentController',
  2 => 'App\\Controller\\EmployesController',
  3 => 'App\\Controller\\EntiteController',
  4 => 'App\\Controller\\ParametrageController',
  5 => 'App\\Controller\\UserCommonController',
  6 => 'App\\Entity\\Admin',
  7 => 'App\\Entity\\Agent',
  8 => 'App\\Entity\\Batiment',
  9 => 'App\\Entity\\BatimentOwner',
  10 => 'App\\Entity\\Contact',
  11 => 'App\\Entity\\Coordonnees',
  12 => 'App\\Entity\\Entite',
  13 => 'App\\Entity\\Formateur',
  14 => 'App\\Entity\\Gestionnaire',
  15 => 'App\\Entity\\Incident',
  16 => 'App\\Entity\\Localisation',
  17 => 'App\\Entity\\ParamTypesAgents',
  18 => 'App\\Entity\\ParamTypesDemandes',
  19 => 'App\\Entity\\Proprietaire',
  20 => 'App\\Entity\\SuperAdmin',
  21 => 'App\\Entity\\TypeAgent',
  22 => 'App\\Entity\\TypeBatiment',
  23 => 'App\\Entity\\TypeEntite',
  24 => 'App\\Entity\\TypeIncident',
  25 => 'App\\Entity\\TypeLocalisation',
  26 => 'App\\Entity\\User',
  27 => 'App\\Entity\\Ville',
  28 => 'Doctrine\\Bundle\\DoctrineBundle\\Controller\\ProfilerController',
  29 => 'Doctrine\\ORM\\Cache\\Persister\\Entity\\AbstractEntityPersister',
  30 => 'Doctrine\\ORM\\Cache\\Persister\\Entity\\CachedEntityPersister',
  31 => 'Doctrine\\ORM\\Cache\\Persister\\Entity\\NonStrictReadWriteCachedEntityPersister',
  32 => 'Doctrine\\ORM\\Cache\\Persister\\Entity\\ReadOnlyCachedEntityPersister',
  33 => 'Doctrine\\ORM\\Cache\\Persister\\Entity\\ReadWriteCachedEntityPersister',
  34 => 'Doctrine\\ORM\\Persisters\\Entity\\AbstractEntityInheritancePersister',
  35 => 'Doctrine\\ORM\\Persisters\\Entity\\BasicEntityPersister',
  36 => 'Doctrine\\ORM\\Persisters\\Entity\\CachedPersisterContext',
  37 => 'Doctrine\\ORM\\Persisters\\Entity\\EntityPersister',
  38 => 'Doctrine\\ORM\\Persisters\\Entity\\JoinedSubclassPersister',
  39 => 'Doctrine\\ORM\\Persisters\\Entity\\SingleTablePersister',
  41 => 'Symfony\\Bundle\\FrameworkBundle\\Controller\\ControllerResolver',
  42 => 'Symfony\\Bundle\\FrameworkBundle\\Controller\\RedirectController',
  43 => 'Symfony\\Bundle\\FrameworkBundle\\Controller\\TemplateController',
  44 => 'Symfony\\Component\\HttpKernel\\Controller\\ArgumentResolver',
  45 => 'Symfony\\Component\\HttpKernel\\Controller\\ArgumentResolverInterface',
  46 => 'Symfony\\Component\\HttpKernel\\Controller\\ArgumentResolver\\DefaultValueResolver',
  47 => 'Symfony\\Component\\HttpKernel\\Controller\\ArgumentResolver\\NotTaggedControllerValueResolver',
  48 => 'Symfony\\Component\\HttpKernel\\Controller\\ArgumentResolver\\RequestAttributeValueResolver',
  49 => 'Symfony\\Component\\HttpKernel\\Controller\\ArgumentResolver\\RequestValueResolver',
  50 => 'Symfony\\Component\\HttpKernel\\Controller\\ArgumentResolver\\ServiceValueResolver',
  51 => 'Symfony\\Component\\HttpKernel\\Controller\\ArgumentResolver\\SessionValueResolver',
  52 => 'Symfony\\Component\\HttpKernel\\Controller\\ArgumentResolver\\TraceableValueResolver',
  53 => 'Symfony\\Component\\HttpKernel\\Controller\\ArgumentResolver\\VariadicValueResolver',
  54 => 'Symfony\\Component\\HttpKernel\\Controller\\ArgumentValueResolverInterface',
  55 => 'Symfony\\Component\\HttpKernel\\Controller\\ContainerControllerResolver',
  56 => 'Symfony\\Component\\HttpKernel\\Controller\\ControllerReference',
  57 => 'Symfony\\Component\\HttpKernel\\Controller\\ControllerResolver',
  58 => 'Symfony\\Component\\HttpKernel\\Controller\\ControllerResolverInterface',
  59 => 'Symfony\\Component\\HttpKernel\\Controller\\ErrorController',
  60 => 'Symfony\\Component\\HttpKernel\\Controller\\TraceableArgumentResolver',
  61 => 'Symfony\\Component\\HttpKernel\\Controller\\TraceableControllerResolver',
  62 => 'Symfony\\Component\\Security\\Http\\Controller\\UserValueResolver',
);