<?php return array (
  0 => 'Symfony\\Bundle\\FrameworkBundle\\Controller\\AbstractController',
  1 => 'App\\Controller\\ActiviteController',
  2 => 'App\\Controller\\BatimentController',
  3 => 'App\\Controller\\BatimentCritereController',
  4 => 'App\\Controller\\EmployesController',
  5 => 'App\\Controller\\EntiteController',
  6 => 'App\\Controller\\IncidentController',
  7 => 'App\\Controller\\ParametrageController',
  8 => 'App\\Controller\\TaxeController',
  9 => 'App\\Controller\\UserCommonController',
  10 => 'App\\Entity\\Activite',
  11 => 'App\\Entity\\Admin',
  12 => 'App\\Entity\\Agent',
  13 => 'App\\Entity\\Batiment',
  14 => 'App\\Entity\\BatimentCritere',
  15 => 'App\\Entity\\BatimentOwner',
  16 => 'App\\Entity\\Contact',
  17 => 'App\\Entity\\Coordonnees',
  18 => 'App\\Entity\\Critere',
  19 => 'App\\Entity\\Entite',
  20 => 'App\\Entity\\Formateur',
  21 => 'App\\Entity\\Gestionnaire',
  22 => 'App\\Entity\\Incident',
  23 => 'App\\Entity\\Localisation',
  24 => 'App\\Entity\\Montant',
  25 => 'App\\Entity\\Paiement',
  26 => 'App\\Entity\\ParamTypesAgents',
  27 => 'App\\Entity\\ParamTypesDemandes',
  28 => 'App\\Entity\\Proprietaire',
  29 => 'App\\Entity\\SuperAdmin',
  30 => 'App\\Entity\\Taxe',
  31 => 'App\\Entity\\TypeAgent',
  32 => 'App\\Entity\\TypeBatiment',
  33 => 'App\\Entity\\TypeEntite',
  34 => 'App\\Entity\\TypeIncident',
  35 => 'App\\Entity\\TypeLocalisation',
  36 => 'App\\Entity\\User',
  37 => 'App\\Entity\\Ville',
  38 => 'Doctrine\\Bundle\\DoctrineBundle\\Controller\\ProfilerController',
  39 => 'Doctrine\\ORM\\Cache\\Persister\\Entity\\AbstractEntityPersister',
  40 => 'Doctrine\\ORM\\Cache\\Persister\\Entity\\CachedEntityPersister',
  41 => 'Doctrine\\ORM\\Cache\\Persister\\Entity\\NonStrictReadWriteCachedEntityPersister',
  42 => 'Doctrine\\ORM\\Cache\\Persister\\Entity\\ReadOnlyCachedEntityPersister',
  43 => 'Doctrine\\ORM\\Cache\\Persister\\Entity\\ReadWriteCachedEntityPersister',
  44 => 'Doctrine\\ORM\\Persisters\\Entity\\AbstractEntityInheritancePersister',
  45 => 'Doctrine\\ORM\\Persisters\\Entity\\BasicEntityPersister',
  46 => 'Doctrine\\ORM\\Persisters\\Entity\\CachedPersisterContext',
  47 => 'Doctrine\\ORM\\Persisters\\Entity\\EntityPersister',
  48 => 'Doctrine\\ORM\\Persisters\\Entity\\JoinedSubclassPersister',
  49 => 'Doctrine\\ORM\\Persisters\\Entity\\SingleTablePersister',
  51 => 'Symfony\\Bundle\\FrameworkBundle\\Controller\\ControllerResolver',
  52 => 'Symfony\\Bundle\\FrameworkBundle\\Controller\\RedirectController',
  53 => 'Symfony\\Bundle\\FrameworkBundle\\Controller\\TemplateController',
  54 => 'Symfony\\Component\\HttpKernel\\Controller\\ArgumentResolver',
  55 => 'Symfony\\Component\\HttpKernel\\Controller\\ArgumentResolverInterface',
  56 => 'Symfony\\Component\\HttpKernel\\Controller\\ArgumentResolver\\DefaultValueResolver',
  57 => 'Symfony\\Component\\HttpKernel\\Controller\\ArgumentResolver\\NotTaggedControllerValueResolver',
  58 => 'Symfony\\Component\\HttpKernel\\Controller\\ArgumentResolver\\RequestAttributeValueResolver',
  59 => 'Symfony\\Component\\HttpKernel\\Controller\\ArgumentResolver\\RequestValueResolver',
  60 => 'Symfony\\Component\\HttpKernel\\Controller\\ArgumentResolver\\ServiceValueResolver',
  61 => 'Symfony\\Component\\HttpKernel\\Controller\\ArgumentResolver\\SessionValueResolver',
  62 => 'Symfony\\Component\\HttpKernel\\Controller\\ArgumentResolver\\TraceableValueResolver',
  63 => 'Symfony\\Component\\HttpKernel\\Controller\\ArgumentResolver\\VariadicValueResolver',
  64 => 'Symfony\\Component\\HttpKernel\\Controller\\ArgumentValueResolverInterface',
  65 => 'Symfony\\Component\\HttpKernel\\Controller\\ContainerControllerResolver',
  66 => 'Symfony\\Component\\HttpKernel\\Controller\\ControllerReference',
  67 => 'Symfony\\Component\\HttpKernel\\Controller\\ControllerResolver',
  68 => 'Symfony\\Component\\HttpKernel\\Controller\\ControllerResolverInterface',
  69 => 'Symfony\\Component\\HttpKernel\\Controller\\ErrorController',
  70 => 'Symfony\\Component\\HttpKernel\\Controller\\TraceableArgumentResolver',
  71 => 'Symfony\\Component\\HttpKernel\\Controller\\TraceableControllerResolver',
  72 => 'Symfony\\Component\\Security\\Http\\Controller\\UserValueResolver',
  73 => 'Vich\\UploaderBundle\\Entity\\File',
);